Microchip MPLAB XC8 Compiler V2.32

Linker command line:

-W-3 --edf=C:\Program Files\Microchip\xc8\v2.32\pic\dat\en_msgs.txt \
  -pivt0x8=08h -cn -h+dist/default/production\SPI.production.sym \
  --cmf=dist/default/production\SPI.production.cmf -z -Q18F57Q43 \
  -oC:\Users\LESHAR~1\AppData\Local\Temp\xcAsb5g.4 --defsym=__MPLAB_BUILD=1 \
  -Mdist/default/production/SPI.production.map -E1 -ver=XC8 Compiler \
  --acfsm=1493 -ASTACK=05C0h-025FFh -pstack=STACK -ACODE=00h-01FFFFh \
  -ACONST=00h-01FFFFh -ASMALLCONST=02600h-026FFhx474 \
  -AMEDIUMCONST=02600h-0FFFFh,012600h-01FFFFh -ACOMRAM=0501h-055Fh \
  -AABS1=0500h-025FFh -ABIGRAM=0501h-025FFh \
  -ARAM=0560h-05FFh,0600h-06FFhx32 -ABANK5=0560h-05FFh -ABANK6=0600h-06FFh \
  -ABANK7=0700h-07FFh -ABANK8=0800h-08FFh -ABANK9=0900h-09FFh \
  -ABANK10=0A00h-0AFFh -ABANK11=0B00h-0BFFh -ABANK12=0C00h-0CFFh \
  -ABANK13=0D00h-0DFFh -ABANK14=0E00h-0EFFh -ABANK15=0F00h-0FFFh \
  -ABANK16=01000h-010FFh -ABANK17=01100h-011FFh -ABANK18=01200h-012FFh \
  -ABANK19=01300h-013FFh -ABANK20=01400h-014FFh -ABANK21=01500h-015FFh \
  -ABANK22=01600h-016FFh -ABANK23=01700h-017FFh -ABANK24=01800h-018FFh \
  -ABANK25=01900h-019FFh -ABANK26=01A00h-01AFFh -ABANK27=01B00h-01BFFh \
  -ABANK28=01C00h-01CFFh -ABANK29=01D00h-01DFFh -ABANK30=01E00h-01EFFh \
  -ABANK31=01F00h-01FFFh -ABANK32=02000h-020FFh -ABANK33=02100h-021FFh \
  -ABANK34=02200h-022FFh -ABANK35=02300h-023FFh -ABANK36=02400h-024FFh \
  -ABANK37=02500h-025FFh -ASFR=00h-0FFhx4,0400h-045Fh,0460h-04FFh \
  -ACONFIG=0300000h-0300011h -AIDLOC=0200000h-020001Fh \
  -AEEDATA=0380000h-03803FFh -peeprom_data=EEDATA -preset_vec=00h \
  -ppowerup=CODE,init -pramtop=02600h -psmallconst=SMALLCONST \
  -pmediumconst=MEDIUMCONST -pconst=CONST -AFARRAM=00h-00h \
  -prdata=COMRAM,nvrram=COMRAM,nvbit=COMRAM,rbss=COMRAM,rbit=COMRAM \
  -pfarbss=FARRAM,fardata=FARRAM,nvFARRAM=FARRAM \
  -pintsave_regs=BIGRAM,bigbss=BIGRAM,bigdata=BIGRAM -pbss=RAM \
  -pidata=CODE,irdata=CODE,ibigdata=CODE,ifardata=CODE -prparam=COMRAM \
  C:\Users\LESHAR~1\AppData\Local\Temp\xcAsb5g.o \
  dist/default/production\SPI.production.o 

Object code version is 3.11

Machine type is 18F57Q43



                Name                               Link     Load   Length Selector   Space Scale
C:\Users\LESHAR~1\AppData\Local\Temp\xcAsb5g.o
                idloc                            200000   200000       20        0       5
                config                           300000   300000        A        0       4
                init                                 1A       1A        4        4       0
                reset_vec                             0        0        4        0       0
dist/default/production\SPI.production.o
                idloc                            200000   200000       20        0       5
                config                           300000   300000        A        0       4
                smallconst                         2600     2600       2C     1300       0
                ivt0x8                                8        8       12        4       0
                text39                             3116     3116       2A     1316       0
                text38                             32B4     32B4        6     1316       0
                text37                             32C0     32C0        2     1316       0
                text36                             32BE     32BE        2     1316       0
                text35                             29A8     29A8       C0     1316       0
                text34                             2FCC     2FCC       42     1316       0
                text33                             2E54     2E54       72     1316       0
                text32                             32AE     32AE        6     1316       0
                text31                             28CE     28CE       DA     1316       0
                text30                             31B0     31B0       22     1316       0
                text29                             300E     300E       3E     1316       0
                text28                             2F86     2F86       46     1316       0
                text27                             31F0     31F0       1E     1316       0
                text26                             262C     262C      190     1316       0
                text25                             31D2     31D2       1E     1316       0
                text24                             304C     304C       3C     1316       0
                text23                             30EA     30EA       2C     1316       0
                text22                             3166     3166       26     1316       0
                text21                             3088     3088       36     1316       0
                text20                             2C8C     2C8C       A4     1316       0
                text19                             2A68     2A68       BA     1316       0
                text18                             32BA     32BA        4     1316       0
                text17                             320E     320E       1C     1316       0
                text16                             2B22     2B22       B8     1316       0
                text15                             318C     318C       24     1316       0
                text14                             3244     3244       1A     1316       0
                text13                             3296     3296        E     1316       0
                text12                             3288     3288        E     1316       0
                text11                             327A     327A        E     1316       0
                text10                             326C     326C        E     1316       0
                text9                              325E     325E        E     1316       0
                text8                              2BDA     2BDA       B2     1316       0
                text7                              322A     322A       1A     1316       0
                text6                              2F2C     2F2C       5A     1316       0
                text5                              32A4     32A4        A     1316       0
                text4                              2D30     2D30       96     1316       0
                text3                              27BC     27BC      112     1316       0
                text2                              2EC6     2EC6       66     1316       0
                text1                              3140     3140       26     1316       0
                text0                              2DC6     2DC6       8E     1316       0
                cstackCOMRAM                        52B      52B       20      501       1
                bssBANK5                            560      560       60      560       1
                bssCOMRAM                           501      501       2A      501       1
                cinit                              30BE     30BE       2C     1316       0
                nvCOMRAM                            54B      54B       10      501       1

TOTAL           Name                               Link     Load   Length     Space
        CLASS   STACK          

        CLASS   CODE           
                init                                 1A       1A        4         0
                reset_vec                             0        0        4         0
                ivt0x8                                8        8       12         0
                text39                             3116     3116       2A         0
                text38                             32B4     32B4        6         0
                text37                             32C0     32C0        2         0
                text36                             32BE     32BE        2         0
                text35                             29A8     29A8       C0         0
                text34                             2FCC     2FCC       42         0
                text33                             2E54     2E54       72         0
                text32                             32AE     32AE        6         0
                text31                             28CE     28CE       DA         0
                text30                             31B0     31B0       22         0
                text29                             300E     300E       3E         0
                text28                             2F86     2F86       46         0
                text27                             31F0     31F0       1E         0
                text26                             262C     262C      190         0
                text25                             31D2     31D2       1E         0
                text24                             304C     304C       3C         0
                text23                             30EA     30EA       2C         0
                text22                             3166     3166       26         0
                text21                             3088     3088       36         0
                text20                             2C8C     2C8C       A4         0
                text19                             2A68     2A68       BA         0
                text18                             32BA     32BA        4         0
                text17                             320E     320E       1C         0
                text16                             2B22     2B22       B8         0
                text15                             318C     318C       24         0
                text14                             3244     3244       1A         0
                text13                             3296     3296        E         0
                text12                             3288     3288        E         0
                text11                             327A     327A        E         0
                text10                             326C     326C        E         0
                text9                              325E     325E        E         0
                text8                              2BDA     2BDA       B2         0
                text7                              322A     322A       1A         0
                text6                              2F2C     2F2C       5A         0
                text5                              32A4     32A4        A         0
                text4                              2D30     2D30       96         0
                text3                              27BC     27BC      112         0
                text2                              2EC6     2EC6       66         0
                text1                              3140     3140       26         0
                text0                              2DC6     2DC6       8E         0
                cinit                              30BE     30BE       2C         0

        CLASS   CONST          

        CLASS   SMALLCONST     
                smallconst                         2600     2600       2C         0

        CLASS   MEDIUMCONST    

        CLASS   COMRAM         
                cstackCOMRAM                        52B      52B       20         1
                bssCOMRAM                           501      501       2A         1
                nvCOMRAM                            54B      54B       10         1

        CLASS   ABS1           

        CLASS   BIGRAM         

        CLASS   RAM            

        CLASS   BANK5          
                bssBANK5                            560      560       60         1

        CLASS   BANK6          

        CLASS   BANK7          

        CLASS   BANK8          

        CLASS   BANK9          

        CLASS   BANK10         

        CLASS   BANK11         

        CLASS   BANK12         

        CLASS   BANK13         

        CLASS   BANK14         

        CLASS   BANK15         

        CLASS   BANK16         

        CLASS   BANK17         

        CLASS   BANK18         

        CLASS   BANK19         

        CLASS   BANK20         

        CLASS   BANK21         

        CLASS   BANK22         

        CLASS   BANK23         

        CLASS   BANK24         

        CLASS   BANK25         

        CLASS   BANK26         

        CLASS   BANK27         

        CLASS   BANK28         

        CLASS   BANK29         

        CLASS   BANK30         

        CLASS   BANK31         

        CLASS   BANK32         

        CLASS   BANK33         

        CLASS   BANK34         

        CLASS   BANK35         

        CLASS   BANK36         

        CLASS   BANK37         

        CLASS   SFR            

        CLASS   CONFIG         
                config                           300000   300000        A         4

        CLASS   IDLOC          
                idloc                            200000   200000       20         5

        CLASS   EEDATA         

        CLASS   FARRAM         



SEGMENTS        Name                           Load    Length   Top    Selector   Space  Class

                reset_vec                      000000  000004  000004         0       0  CODE    
                ivt0x8                         000008  000016  00001E         4       0  CODE    
                bssCOMRAM                      000501  00005A  00055B       501       1  COMRAM  
                bssBANK5                       000560  000060  0005C0       560       1  BANK5   
                smallconst                     002600  00002C  00262C      1300       0  SMALLCON
                text26                         00262C  000C96  0032C2      1316       0  CODE    


UNUSED ADDRESS RANGES

        Name                Unused          Largest block    Delta
        BANK10           000A00-000AFF              100
        BANK11           000B00-000BFF              100
        BANK12           000C00-000CFF              100
        BANK13           000D00-000DFF              100
        BANK14           000E00-000EFF              100
        BANK15           000F00-000FFF              100
        BANK16           001000-0010FF              100
        BANK17           001100-0011FF              100
        BANK18           001200-0012FF              100
        BANK19           001300-0013FF              100
        BANK20           001400-0014FF              100
        BANK21           001500-0015FF              100
        BANK22           001600-0016FF              100
        BANK23           001700-0017FF              100
        BANK24           001800-0018FF              100
        BANK25           001900-0019FF              100
        BANK26           001A00-001AFF              100
        BANK27           001B00-001BFF              100
        BANK28           001C00-001CFF              100
        BANK29           001D00-001DFF              100
        BANK30           001E00-001EFF              100
        BANK31           001F00-001FFF              100
        BANK32           002000-0020FF              100
        BANK33           002100-0021FF              100
        BANK34           002200-0022FF              100
        BANK35           002300-0023FF              100
        BANK36           002400-0024FF              100
        BANK37           002500-0025FF              100
        BANK5            0005C0-0005FF               40
        BANK6            000600-0006FF              100
        BANK7            000700-0007FF              100
        BANK8            000800-0008FF              100
        BANK9            000900-0009FF              100
        BIGRAM           00055B-00055F                5
                         0005C0-0025FF             2040
        CODE             000004-000007                4
                         00001E-0025FF             25E2
                         0032C2-01FFFF            1CD3E
        COMRAM           00055B-00055F                5
        CONFIG           30000A-300011                8
        CONST            000004-000007                4
                         00001E-0025FF             25E2
                         0032C2-01FFFF            1CD3E
        EEDATA           380000-3803FF              400
        MEDIUMCONST      0032C2-00FFFF             CD3E
                         012600-01FFFF             DA00
        RAM              0005C0-0025FF              100
        SFR              000000-0004FF              100
        SMALLCONST       0032C2-01FFFF              100
        STACK            0005C0-0025FF             2040

                                  Symbol Table

?_getBufferPtr                                cstackCOMRAM 00052B
?_printf                                      cstackCOMRAM 000544
?_vfpfcnvrt                                   cstackCOMRAM 000536
?_vfprintf                                    cstackCOMRAM 00053C
IVTBASEH                                      (abs)        00045E
IVTBASEL                                      (abs)        00045D
IVTBASEU                                      (abs)        00045F
MAX7219_Display@y                             cstackCOMRAM 000536
MAX7219_DisplayRow@cmd                        cstackCOMRAM 000533
MAX7219_DisplayRow@data                       cstackCOMRAM 000532
MAX7219_DisplayRow@row                        cstackCOMRAM 000535
MAX7219_SetEnabled@enabled                    cstackCOMRAM 00053A
MAX7219_SetIntensity@level                    cstackCOMRAM 000538
MAX7219_SetPixel@bt                           cstackCOMRAM 00053B
MAX7219_SetPixel@enabled                      cstackCOMRAM 000537
MAX7219_SetPixel@p                            cstackCOMRAM 00053D
MAX7219_SetPixel@x                            cstackCOMRAM 000533
MAX7219_SetPixel@y                            cstackCOMRAM 000535
SPI1_ExchangeByte@data                        cstackCOMRAM 00052B
SPI1_Open@spi1UniqueConfiguration             cstackCOMRAM 00052C
SPI1_WriteBlock@block                         cstackCOMRAM 00052C
SPI1_WriteBlock@blockSize                     cstackCOMRAM 00052E
SPI1_WriteBlock@data                          cstackCOMRAM 000530
UART1_SetErrorHandler@interruptHandler        cstackCOMRAM 00052B
UART1_SetFramingErrorHandler@interruptHandler cstackCOMRAM 00052B
UART1_SetOverrunErrorHandler@interruptHandler cstackCOMRAM 00052B
UART1_SetRxInterruptHandler@InterruptHandler  cstackCOMRAM 00052B
UART1_SetTxInterruptHandler@InterruptHandler  cstackCOMRAM 00052B
UART1_Write@txData                            cstackCOMRAM 00052B
_ACTCON                                       (abs)        0000AC
_ANSELA                                       (abs)        000400
_ANSELB                                       (abs)        000408
_ANSELC                                       (abs)        000410
_ANSELD                                       (abs)        000418
_ANSELE                                       (abs)        000420
_ANSELF                                       (abs)        000428
_INLVLA                                       (abs)        000404
_INLVLB                                       (abs)        00040C
_INLVLC                                       (abs)        000414
_INLVLD                                       (abs)        00041C
_INLVLE                                       (abs)        000424
_INLVLF                                       (abs)        00042C
_INTCON0bits                                  (abs)        0004D6
_INTERRUPT_Initialize                         text18       0032BA
_INTERRUPT_InterruptManager                   text33       002E54
_LATA                                         (abs)        0004BE
_LATB                                         (abs)        0004BF
_LATC                                         (abs)        0004C0
_LATCbits                                     (abs)        0004C0
_LATD                                         (abs)        0004C1
_LATE                                         (abs)        0004C2
_LATF                                         (abs)        0004C3
_MAX7219_Clear                                text25       0031D2
_MAX7219_Display                              text27       0031F0
_MAX7219_DisplayRow                           text28       002F86
_MAX7219_Init                                 text21       003088
_MAX7219_SetEnabled                           text23       0030EA
_MAX7219_SetIntensity                         text22       003166
_MAX7219_SetPixel                             text19       002A68
_ODCONA                                       (abs)        000402
_ODCONB                                       (abs)        00040A
_ODCONC                                       (abs)        000412
_ODCOND                                       (abs)        00041A
_ODCONE                                       (abs)        000422
_ODCONF                                       (abs)        00042A
_OSCCON1                                      (abs)        0000AD
_OSCCON3                                      (abs)        0000AF
_OSCEN                                        (abs)        0000B3
_OSCFRQ                                       (abs)        0000B1
_OSCILLATOR_Initialize                        text17       00320E
_OSCTUNE                                      (abs)        0000B0
_PIE4bits                                     (abs)        0004A2
_PIN_MANAGER_Initialize                       text16       002B22
_PIR3bits                                     (abs)        0004B1
_PIR4bits                                     (abs)        0004B2
_PMD0                                         (abs)        000060
_PMD1                                         (abs)        000061
_PMD3                                         (abs)        000063
_PMD4                                         (abs)        000064
_PMD5                                         (abs)        000065
_PMD6                                         (abs)        000066
_PMD7                                         (abs)        000067
_PMD8                                         (abs)        000068
_PMD_Initialize                               text15       00318C
_RB1I2C                                       (abs)        000289
_RB2I2C                                       (abs)        000288
_RC3I2C                                       (abs)        000287
_RC3PPS                                       (abs)        000214
_RC4I2C                                       (abs)        000286
_RC4PPS                                       (abs)        000215
_SLRCONA                                      (abs)        000403
_SLRCONB                                      (abs)        00040B
_SLRCONC                                      (abs)        000413
_SLRCOND                                      (abs)        00041B
_SLRCONE                                      (abs)        000423
_SLRCONF                                      (abs)        00042B
_SPI1BAUD                                     (abs)        000089
_SPI1CLK                                      (abs)        00008C
_SPI1CON0                                     (abs)        000084
_SPI1CON0bits                                 (abs)        000084
_SPI1CON1                                     (abs)        000085
_SPI1CON2                                     (abs)        000086
_SPI1RXB                                      (abs)        000080
_SPI1SCKPPS                                   (abs)        00026A
_SPI1SDIPPS                                   (abs)        00026B
_SPI1TCNTL                                    (abs)        000082
_SPI1TXB                                      (abs)        000081
_SPI1_Close                                   text32       0032AE
_SPI1_ExchangeByte                            text30       0031B0
_SPI1_Initialize                              text14       003244
_SPI1_Open                                    text31       0028CE
_SPI1_WriteBlock                              text29       00300E
_SYSTEM_Initialize                            text7        00322A
_TRISA                                        (abs)        0004C6
_TRISB                                        (abs)        0004C7
_TRISC                                        (abs)        0004C8
_TRISCbits                                    (abs)        0004C8
_TRISD                                        (abs)        0004C9
_TRISE                                        (abs)        0004CA
_TRISF                                        (abs)        0004CB
_U1BRGH                                       (abs)        0002AF
_U1BRGL                                       (abs)        0002AE
_U1CON0                                       (abs)        0002AB
_U1CON1                                       (abs)        0002AC
_U1CON2                                       (abs)        0002AD
_U1ERRIE                                      (abs)        0002B3
_U1ERRIR                                      (abs)        0002B2
_U1ERRIRbits                                  (abs)        0002B2
_U1FIFO                                       (abs)        0002B0
_U1P1H                                        (abs)        0002A6
_U1P1L                                        (abs)        0002A5
_U1P2H                                        (abs)        0002A8
_U1P2L                                        (abs)        0002A7
_U1P3H                                        (abs)        0002AA
_U1P3L                                        (abs)        0002A9
_U1RXB                                        (abs)        0002A1
_U1RXPPS                                      (abs)        000272
_U1TXB                                        (abs)        0002A3
_U1UIR                                        (abs)        0002B1
_UART1_DefaultErrorHandler                    text38       0032B4
_UART1_DefaultFramingErrorHandler             text37       0032C0
_UART1_DefaultOverrunErrorHandler             text36       0032BE
_UART1_ErrorHandler                           nvCOMRAM     00054B
_UART1_FramingErrorHandler                    nvCOMRAM     000551
_UART1_Initialize                             text8        002BDA
_UART1_OverrunErrorHandler                    nvCOMRAM     00054E
_UART1_Receive_ISR                            text35       0029A8
_UART1_RxDataHandler                          text39       003116
_UART1_RxInterruptHandler                     nvCOMRAM     000557
_UART1_SetErrorHandler                        text13       003296
_UART1_SetFramingErrorHandler                 text12       003288
_UART1_SetOverrunErrorHandler                 text11       00327A
_UART1_SetRxInterruptHandler                  text10       00326C
_UART1_SetTxInterruptHandler                  text9        00325E
_UART1_Transmit_ISR                           text34       002FCC
_UART1_TxInterruptHandler                     nvCOMRAM     000554
_UART1_Write                                  text6        002F2C
_WPUA                                         (abs)        000401
_WPUB                                         (abs)        000409
_WPUC                                         (abs)        000411
_WPUD                                         (abs)        000419
_WPUE                                         (abs)        000421
_WPUF                                         (abs)        000429
__HRAM                                        (abs)        000000
__Habs1                                       abs1         000000
__Hbank10                                     bank10       000000
__Hbank11                                     bank11       000000
__Hbank12                                     bank12       000000
__Hbank13                                     bank13       000000
__Hbank14                                     bank14       000000
__Hbank15                                     bank15       000000
__Hbank16                                     bank16       000000
__Hbank17                                     bank17       000000
__Hbank18                                     bank18       000000
__Hbank19                                     bank19       000000
__Hbank20                                     bank20       000000
__Hbank21                                     bank21       000000
__Hbank22                                     bank22       000000
__Hbank23                                     bank23       000000
__Hbank24                                     bank24       000000
__Hbank25                                     bank25       000000
__Hbank26                                     bank26       000000
__Hbank27                                     bank27       000000
__Hbank28                                     bank28       000000
__Hbank29                                     bank29       000000
__Hbank30                                     bank30       000000
__Hbank31                                     bank31       000000
__Hbank32                                     bank32       000000
__Hbank33                                     bank33       000000
__Hbank34                                     bank34       000000
__Hbank35                                     bank35       000000
__Hbank36                                     bank36       000000
__Hbank37                                     bank37       000000
__Hbank5                                      bank5        000000
__Hbank6                                      bank6        000000
__Hbank7                                      bank7        000000
__Hbank8                                      bank8        000000
__Hbank9                                      bank9        000000
__Hbigbss                                     bigbss       000000
__Hbigdata                                    bigdata      000000
__Hbigram                                     bigram       000000
__Hbss                                        bss          000000
__HbssBANK5                                   bssBANK5     000000
__HbssCOMRAM                                  bssCOMRAM    000000
__Hcinit                                      cinit        000000
__Hclrtext                                    clrtext      000000
__Hcomram                                     comram       000000
__Hconfig                                     config       30000A
__Hconst                                      const        000000
__HcstackCOMRAM                               cstackCOMRAM 000000
__Hdata                                       data         000000
__Heeprom_data                                eeprom_data  000000
__Hfarbss                                     farbss       000000
__Hfardata                                    fardata      000000
__Hibigdata                                   ibigdata     000000
__Hidata                                      idata        000000
__Hidloc                                      idloc        200020
__Hifardata                                   ifardata     000000
__Hinit                                       init         00001E
__Hintsave_regs                               intsave_regs 000000
__Hirdata                                     irdata       000000
__Hivt0x8                                     ivt0x8       00001A
__Hmediumconst                                mediumconst  000000
__HnvCOMRAM                                   nvCOMRAM     000000
__HnvFARRAM                                   nvFARRAM     000000
__Hnvbit                                      nvbit        000000
__Hnvrram                                     nvrram       000000
__Hparam                                      rparam       000000
__Hpowerup                                    powerup      000000
__Hram                                        ram          000000
__Hramtop                                     ramtop       002600
__Hrbit                                       rbit         000000
__Hrbss                                       rbss         000000
__Hrdata                                      rdata        000000
__Hreset_vec                                  reset_vec    000004
__Hrparam                                     rparam       000000
__Hsfr                                        sfr          000000
__Hsmallconst                                 smallconst   00262C
__Hspace_0                                    (abs)        0032C2
__Hspace_1                                    (abs)        0005C0
__Hspace_2                                    (abs)        000000
__Hspace_4                                    (abs)        60000A
__Hstack                                      stack        000000
__Hstruct                                     struct       000000
__Htemp                                       temp         000000
__Htext                                       text         000000
__Htext0                                      text0        000000
__Htext1                                      text1        000000
__Htext10                                     text10       000000
__Htext11                                     text11       000000
__Htext12                                     text12       000000
__Htext13                                     text13       000000
__Htext14                                     text14       000000
__Htext15                                     text15       000000
__Htext16                                     text16       000000
__Htext17                                     text17       000000
__Htext18                                     text18       000000
__Htext19                                     text19       000000
__Htext2                                      text2        000000
__Htext20                                     text20       000000
__Htext21                                     text21       000000
__Htext22                                     text22       000000
__Htext23                                     text23       000000
__Htext24                                     text24       000000
__Htext25                                     text25       000000
__Htext26                                     text26       000000
__Htext27                                     text27       000000
__Htext28                                     text28       000000
__Htext29                                     text29       000000
__Htext3                                      text3        000000
__Htext30                                     text30       000000
__Htext31                                     text31       000000
__Htext32                                     text32       000000
__Htext33                                     text33       000000
__Htext34                                     text34       000000
__Htext35                                     text35       000000
__Htext36                                     text36       000000
__Htext37                                     text37       000000
__Htext38                                     text38       000000
__Htext39                                     text39       000000
__Htext4                                      text4        000000
__Htext40                                     text40       000000
__Htext5                                      text5        000000
__Htext6                                      text6        000000
__Htext7                                      text7        000000
__Htext8                                      text8        000000
__Htext9                                      text9        000000
__LRAM                                        (abs)        000001
__Labs1                                       abs1         000000
__Lbank10                                     bank10       000000
__Lbank11                                     bank11       000000
__Lbank12                                     bank12       000000
__Lbank13                                     bank13       000000
__Lbank14                                     bank14       000000
__Lbank15                                     bank15       000000
__Lbank16                                     bank16       000000
__Lbank17                                     bank17       000000
__Lbank18                                     bank18       000000
__Lbank19                                     bank19       000000
__Lbank20                                     bank20       000000
__Lbank21                                     bank21       000000
__Lbank22                                     bank22       000000
__Lbank23                                     bank23       000000
__Lbank24                                     bank24       000000
__Lbank25                                     bank25       000000
__Lbank26                                     bank26       000000
__Lbank27                                     bank27       000000
__Lbank28                                     bank28       000000
__Lbank29                                     bank29       000000
__Lbank30                                     bank30       000000
__Lbank31                                     bank31       000000
__Lbank32                                     bank32       000000
__Lbank33                                     bank33       000000
__Lbank34                                     bank34       000000
__Lbank35                                     bank35       000000
__Lbank36                                     bank36       000000
__Lbank37                                     bank37       000000
__Lbank5                                      bank5        000000
__Lbank6                                      bank6        000000
__Lbank7                                      bank7        000000
__Lbank8                                      bank8        000000
__Lbank9                                      bank9        000000
__Lbigbss                                     bigbss       000000
__Lbigdata                                    bigdata      000000
__Lbigram                                     bigram       000000
__Lbss                                        bss          000000
__LbssBANK5                                   bssBANK5     000000
__LbssCOMRAM                                  bssCOMRAM    000000
__Lcinit                                      cinit        000000
__Lclrtext                                    clrtext      000000
__Lcomram                                     comram       000000
__Lconfig                                     config       000000
__Lconst                                      const        000000
__LcstackCOMRAM                               cstackCOMRAM 000000
__Ldata                                       data         000000
__Leeprom_data                                eeprom_data  000000
__Lfarbss                                     farbss       000000
__Lfardata                                    fardata      000000
__Libigdata                                   ibigdata     000000
__Lidata                                      idata        000000
__Lidloc                                      idloc        000000
__Lifardata                                   ifardata     000000
__Linit                                       init         00001A
__Lintsave_regs                               intsave_regs 000000
__Lirdata                                     irdata       000000
__Livt0x8                                     ivt0x8       000008
__Lmediumconst                                mediumconst  000000
__LnvCOMRAM                                   nvCOMRAM     000000
__LnvFARRAM                                   nvFARRAM     000000
__Lnvbit                                      nvbit        000000
__Lnvrram                                     nvrram       000000
__Lparam                                      rparam       000000
__Lpowerup                                    powerup      000000
__Lram                                        ram          000000
__Lramtop                                     ramtop       002600
__Lrbit                                       rbit         000000
__Lrbss                                       rbss         000000
__Lrdata                                      rdata        000000
__Lreset_vec                                  reset_vec    000000
__Lrparam                                     rparam       000000
__Lsfr                                        sfr          000000
__Lsmallconst                                 smallconst   002600
__Lspace_0                                    (abs)        000000
__Lspace_1                                    (abs)        000000
__Lspace_2                                    (abs)        000000
__Lspace_4                                    (abs)        000000
__Lstack                                      stack        000000
__Lstruct                                     struct       000000
__Ltemp                                       temp         000000
__Ltext                                       text         000000
__Ltext0                                      text0        000000
__Ltext1                                      text1        000000
__Ltext10                                     text10       000000
__Ltext11                                     text11       000000
__Ltext12                                     text12       000000
__Ltext13                                     text13       000000
__Ltext14                                     text14       000000
__Ltext15                                     text15       000000
__Ltext16                                     text16       000000
__Ltext17                                     text17       000000
__Ltext18                                     text18       000000
__Ltext19                                     text19       000000
__Ltext2                                      text2        000000
__Ltext20                                     text20       000000
__Ltext21                                     text21       000000
__Ltext22                                     text22       000000
__Ltext23                                     text23       000000
__Ltext24                                     text24       000000
__Ltext25                                     text25       000000
__Ltext26                                     text26       000000
__Ltext27                                     text27       000000
__Ltext28                                     text28       000000
__Ltext29                                     text29       000000
__Ltext3                                      text3        000000
__Ltext30                                     text30       000000
__Ltext31                                     text31       000000
__Ltext32                                     text32       000000
__Ltext33                                     text33       000000
__Ltext34                                     text34       000000
__Ltext35                                     text35       000000
__Ltext36                                     text36       000000
__Ltext37                                     text37       000000
__Ltext38                                     text38       000000
__Ltext39                                     text39       000000
__Ltext4                                      text4        000000
__Ltext40                                     text40       000000
__Ltext5                                      text5        000000
__Ltext6                                      text6        000000
__Ltext7                                      text7        000000
__Ltext8                                      text8        000000
__Ltext9                                      text9        000000
__S0                                          (abs)        0032C2
__S1                                          (abs)        0005C0
__S2                                          (abs)        000000
__S4                                          (abs)        000000
__S5                                          (abs)        000000
___inthi_sp                                   stack        000000
___intlo_sp                                   stack        000000
___param_bank                                 (abs)        000000
___rparam_used                                (abs)        000001
___sp                                         stack        000000
__accesstop                                   (abs)        000560
__activetblptr                                (abs)        000003
__end_of_DECODE                               smallconst   002608
__end_of_ENABLE                               smallconst   002610
__end_of_INTENSITY                            smallconst   00260C
__end_of_INTERRUPT_Initialize                 text18       0032BE
__end_of_INTERRUPT_InterruptManager           text33       002EC6
__end_of_MAX7219_Clear                        text25       0031F0
__end_of_MAX7219_Display                      text27       00320E
__end_of_MAX7219_DisplayRow                   text28       002FCC
__end_of_MAX7219_Init                         text21       0030BE
__end_of_MAX7219_SetEnabled                   text23       003116
__end_of_MAX7219_SetIntensity                 text22       00318C
__end_of_MAX7219_SetPixel                     text19       002B22
__end_of_OSCILLATOR_Initialize                text17       00322A
__end_of_PIN_MANAGER_Initialize               text16       002BDA
__end_of_PMD_Initialize                       text15       0031B0
__end_of_SCAN_LIMIT                           smallconst   00260A
__end_of_SPI1_Close                           text32       0032B4
__end_of_SPI1_ExchangeByte                    text30       0031D2
__end_of_SPI1_Initialize                      text14       00325E
__end_of_SPI1_Open                            text31       0029A8
__end_of_SPI1_WriteBlock                      text29       00304C
__end_of_SYSTEM_Initialize                    text7        003244
__end_of_TEST                                 smallconst   00260E
__end_of_UART1_DefaultErrorHandler            text38       0032BA
__end_of_UART1_DefaultFramingErrorHandler     text37       0032C2
__end_of_UART1_DefaultOverrunErrorHandler     text36       0032C0
__end_of_UART1_Initialize                     text8        002C8C
__end_of_UART1_Receive_ISR                    text35       002A68
__end_of_UART1_RxDataHandler                  text39       003140
__end_of_UART1_SetErrorHandler                text13       0032A4
__end_of_UART1_SetFramingErrorHandler         text12       003296
__end_of_UART1_SetOverrunErrorHandler         text11       003288
__end_of_UART1_SetRxInterruptHandler          text10       00327A
__end_of_UART1_SetTxInterruptHandler          text9        00326C
__end_of_UART1_Transmit_ISR                   text34       00300E
__end_of_UART1_Write                          text6        002F86
__end_of__initialization                      cinit        0030E4
__end_of_fputc                                text4        002DC6
__end_of_getBufferPtr                         text20       002D30
__end_of_main                                 text0        002E54
__end_of_memset                               text26       0027BC
__end_of_printf                               text1        003166
__end_of_putch                                text5        0032AE
__end_of_sendCommand                          text24       003088
__end_of_spi1_configuration                   smallconst   002606
__end_of_vfpfcnvrt                            text3        0028CE
__end_of_vfprintf                             text2        002F2C
__initialization                              cinit        0030BE
__mediumconst                                 mediumconst  000000
__pbssBANK5                                   bssBANK5     000560
__pbssCOMRAM                                  bssCOMRAM    000501
__pcinit                                      cinit        0030BE
__pcstackCOMRAM                               cstackCOMRAM 00052B
__pivt0x8                                     ivt0x8       000008
__pnvCOMRAM                                   nvCOMRAM     00054B
__psmallconst                                 smallconst   002600
__ptext0                                      text0        002DC6
__ptext1                                      text1        003140
__ptext10                                     text10       00326C
__ptext11                                     text11       00327A
__ptext12                                     text12       003288
__ptext13                                     text13       003296
__ptext14                                     text14       003244
__ptext15                                     text15       00318C
__ptext16                                     text16       002B22
__ptext17                                     text17       00320E
__ptext18                                     text18       0032BA
__ptext19                                     text19       002A68
__ptext2                                      text2        002EC6
__ptext20                                     text20       002C8C
__ptext21                                     text21       003088
__ptext22                                     text22       003166
__ptext23                                     text23       0030EA
__ptext24                                     text24       00304C
__ptext25                                     text25       0031D2
__ptext26                                     text26       00262C
__ptext27                                     text27       0031F0
__ptext28                                     text28       002F86
__ptext29                                     text29       00300E
__ptext3                                      text3        0027BC
__ptext30                                     text30       0031B0
__ptext31                                     text31       0028CE
__ptext32                                     text32       0032AE
__ptext33                                     text33       002E54
__ptext34                                     text34       002FCC
__ptext35                                     text35       0029A8
__ptext36                                     text36       0032BE
__ptext37                                     text37       0032C0
__ptext38                                     text38       0032B4
__ptext39                                     text39       003116
__ptext4                                      text4        002D30
__ptext40                                     text40       000000
__ptext5                                      text5        0032A4
__ptext6                                      text6        002F2C
__ptext7                                      text7        00322A
__ptext8                                      text8        002BDA
__ptext9                                      text9        00325E
__ramtop                                      ramtop       002600
__size_of_INTERRUPT_Initialize                (abs)        000000
__size_of_INTERRUPT_InterruptManager          (abs)        000000
__size_of_MAX7219_Clear                       (abs)        000000
__size_of_MAX7219_Display                     (abs)        000000
__size_of_MAX7219_DisplayRow                  (abs)        000000
__size_of_MAX7219_Init                        (abs)        000000
__size_of_MAX7219_SetEnabled                  (abs)        000000
__size_of_MAX7219_SetIntensity                (abs)        000000
__size_of_MAX7219_SetPixel                    (abs)        000000
__size_of_OSCILLATOR_Initialize               (abs)        000000
__size_of_PIN_MANAGER_Initialize              (abs)        000000
__size_of_PMD_Initialize                      (abs)        000000
__size_of_SPI1_Close                          (abs)        000000
__size_of_SPI1_ExchangeByte                   (abs)        000000
__size_of_SPI1_Initialize                     (abs)        000000
__size_of_SPI1_Open                           (abs)        000000
__size_of_SPI1_WriteBlock                     (abs)        000000
__size_of_SYSTEM_Initialize                   (abs)        000000
__size_of_UART1_DefaultErrorHandler           (abs)        000000
__size_of_UART1_DefaultFramingErrorHandler    (abs)        000000
__size_of_UART1_DefaultOverrunErrorHandler    (abs)        000000
__size_of_UART1_Initialize                    (abs)        000000
__size_of_UART1_Receive_ISR                   (abs)        000000
__size_of_UART1_RxDataHandler                 (abs)        000000
__size_of_UART1_SetErrorHandler               (abs)        000000
__size_of_UART1_SetFramingErrorHandler        (abs)        000000
__size_of_UART1_SetOverrunErrorHandler        (abs)        000000
__size_of_UART1_SetRxInterruptHandler         (abs)        000000
__size_of_UART1_SetTxInterruptHandler         (abs)        000000
__size_of_UART1_Transmit_ISR                  (abs)        000000
__size_of_UART1_Write                         (abs)        000000
__size_of_fputc                               (abs)        000000
__size_of_getBufferPtr                        (abs)        000000
__size_of_main                                (abs)        000000
__size_of_memset                              (abs)        000000
__size_of_printf                              (abs)        000000
__size_of_putch                               (abs)        000000
__size_of_sendCommand                         (abs)        000000
__size_of_vfpfcnvrt                           (abs)        000000
__size_of_vfprintf                            (abs)        000000
__smallconst                                  smallconst   002600
_flags                                        bssCOMRAM    00051F
_fputc                                        text4        002D30
_framebuffer                                  bssBANK5     000580
_getBufferPtr                                 text20       002C8C
_main                                         text0        002DC6
_memset                                       text26       00262C
_nout                                         bssCOMRAM    000519
_prec                                         bssCOMRAM    00051D
_printf                                       text1        003140
_putch                                        text5        0032A4
_sendCommand                                  text24       00304C
_spi1_configuration                           smallconst   002601
_uart1RxBuffer                                bssCOMRAM    000509
_uart1RxCount                                 bssCOMRAM    000526
_uart1RxHead                                  bssCOMRAM    000528
_uart1RxLastError                             bssCOMRAM    000525
_uart1RxStatusBuffer                          bssCOMRAM    000501
_uart1RxTail                                  bssCOMRAM    000527
_uart1TxBuffer                                bssCOMRAM    000511
_uart1TxBufferRemaining                       nvCOMRAM     00055A
_uart1TxHead                                  bssCOMRAM    00052A
_uart1TxTail                                  bssCOMRAM    000529
_vfpfcnvrt                                    text3        0027BC
_vfprintf                                     text2        002EC6
_width                                        bssCOMRAM    00051B
end_of_initialization                         cinit        0030E4
fputc@c                                       cstackCOMRAM 00052D
fputc@fp                                      cstackCOMRAM 00052F
getBufferPtr@byte                             cstackCOMRAM 000531
getBufferPtr@x                                cstackCOMRAM 00052B
getBufferPtr@y                                cstackCOMRAM 00052D
intlevel0                                     text         000000
intlevel1                                     text         000000
intlevel2                                     text         000000
intlevel3                                     text         000000
isa$std                                       (abs)        000001
isa$xinst                                     (abs)        000000
ivt0x8_base                                   ivt0x8       000008
main@s                                        cstackCOMRAM 00054A
main@x                                        cstackCOMRAM 000548
main@y                                        cstackCOMRAM 000549
memset@c                                      cstackCOMRAM 00052D
memset@dest                                   cstackCOMRAM 00052B
memset@k                                      cstackCOMRAM 000533
memset@n                                      cstackCOMRAM 00052F
memset@s                                      cstackCOMRAM 000535
printf@ap                                     cstackCOMRAM 000546
printf@fmt                                    cstackCOMRAM 000544
putch@txData                                  cstackCOMRAM 00052C
sendCommand@block                             cstackCOMRAM 000536
sendCommand@cmd                               cstackCOMRAM 000534
sendCommand@command                           cstackCOMRAM 000532
sendCommand@data                              cstackCOMRAM 000535
stackhi                                       (abs)        0025FF
stacklo                                       (abs)        0005C0
start                                         init         00001A
start_initialization                          cinit        0030BE
vfpfcnvrt@ap                                  cstackCOMRAM 00053A
vfpfcnvrt@fmt                                 cstackCOMRAM 000538
vfpfcnvrt@fp                                  cstackCOMRAM 000536
vfprintf@ap                                   cstackCOMRAM 000540
vfprintf@cfmt                                 cstackCOMRAM 000542
vfprintf@fmt                                  cstackCOMRAM 00053E
vfprintf@fp                                   cstackCOMRAM 00053C


MODULE INFORMATION

Module		Function		Class		Link	Load	Size
C:\Program Files\Microchip\xc8\v2.32\pic\sources\c99\common\memset.c
		_memset        		CODE           	262C	0000	400

C:\Program Files\Microchip\xc8\v2.32\pic\sources\c99\common\memset.c estimated size: 400

C:\Program Files\Microchip\xc8\v2.32\pic\sources\c99\common\doprnt.c
		_vfpfcnvrt     		CODE           	27BC	0000	274
		_vfprintf      		CODE           	2EC6	0000	102

C:\Program Files\Microchip\xc8\v2.32\pic\sources\c99\common\doprnt.c estimated size: 376

mcc_generated_files/interrupt_manager.c
		_INTERRUPT_Initialize		CODE           	32BA	0000	4
		_INTERRUPT_InterruptManager		CODE           	2E54	0000	114

mcc_generated_files/interrupt_manager.c estimated size: 118

mcc_generated_files/pin_manager.c
		_PIN_MANAGER_Initialize		CODE           	2B22	0000	184

mcc_generated_files/pin_manager.c estimated size: 184

mcc_generated_files/spi1.c
		_SPI1_WriteBlock		CODE           	300E	0000	62
		_SPI1_Open     		CODE           	28CE	0000	218
		_SPI1_Initialize		CODE           	3244	0000	26
		_SPI1_Close    		CODE           	32AE	0000	6
		_SPI1_ExchangeByte		CODE           	31B0	0000	34

mcc_generated_files/spi1.c estimated size: 346

mcc_generated_files/uart1.c
		_UART1_Write   		CODE           	2F2C	0000	90
		_putch         		CODE           	32A4	0000	10
		_UART1_SetFramingErrorHandler		CODE           	3288	0000	14
		_UART1_SetOverrunErrorHandler		CODE           	327A	0000	14
		_UART1_Receive_ISR		CODE           	29A8	0000	192
		_UART1_SetRxInterruptHandler		CODE           	326C	0000	14
		_UART1_SetTxInterruptHandler		CODE           	325E	0000	14
		_UART1_Initialize		CODE           	2BDA	0000	178
		_UART1_SetErrorHandler		CODE           	3296	0000	14
		_UART1_Transmit_ISR		CODE           	2FCC	0000	66
		_UART1_DefaultFramingErrorHandler		CODE           	32C0	0000	2
		_UART1_DefaultErrorHandler		CODE           	32B4	0000	6
		_UART1_RxDataHandler		CODE           	3116	0000	42
		_UART1_DefaultOverrunErrorHandler		CODE           	32BE	0000	2

mcc_generated_files/uart1.c estimated size: 658

shared
		_TEST          		SMALLCONST     	0000	0000	0
		_INTENSITY     		SMALLCONST     	0000	0000	0
		_DECODE        		SMALLCONST     	0000	0000	0
		__initialization		CODE           	30BE	0000	38
		_SCAN_LIMIT    		SMALLCONST     	0000	0000	0
		_ENABLE        		SMALLCONST     	0000	0000	0
		_spi1_configuration		SMALLCONST     	2601	0000	5

shared estimated size: 43

mcc_generated_files/mcc.c
		_PMD_Initialize		CODE           	318C	0000	36
		_OSCILLATOR_Initialize		CODE           	320E	0000	28
		_SYSTEM_Initialize		CODE           	322A	0000	26

mcc_generated_files/mcc.c estimated size: 90

max7219.c
		_MAX7219_Display		CODE           	31F0	0000	30
		_MAX7219_DisplayRow		CODE           	2F86	0000	70
		_getBufferPtr  		CODE           	2C8C	0000	164
		_MAX7219_SetIntensity		CODE           	3166	0000	38
		_sendCommand   		CODE           	304C	0000	60
		_MAX7219_Init  		CODE           	3088	0000	54
		_MAX7219_Clear 		CODE           	31D2	0000	30
		_MAX7219_SetPixel		CODE           	2A68	0000	186
		_MAX7219_SetEnabled		CODE           	30EA	0000	44

max7219.c estimated size: 676

C:\Program Files\Microchip\xc8\v2.32\pic\sources\c99\common\printf.c
		_printf        		CODE           	3140	0000	38

C:\Program Files\Microchip\xc8\v2.32\pic\sources\c99\common\printf.c estimated size: 38

C:\Program Files\Microchip\xc8\v2.32\pic\sources\c99\common\nf_fputc.c
		_fputc         		CODE           	2D30	0000	150

C:\Program Files\Microchip\xc8\v2.32\pic\sources\c99\common\nf_fputc.c estimated size: 150

main.c
		_main          		CODE           	2DC6	0000	142

main.c estimated size: 142

